Archive member included to satisfy reference by file (symbol)

F:/xpack-riscv-none-elf-gcc-15.2.0-1/bin/../lib/gcc/riscv-none-elf/15.2.0/rv32i/ilp32\libgcc.a(_lshrdi3.o)
                              sp_c32_riscv.o (__lshrdi3)
F:/xpack-riscv-none-elf-gcc-15.2.0-1/bin/../lib/gcc/riscv-none-elf/15.2.0/rv32i/ilp32\libgcc.a(_ashldi3.o)
                              misc_riscv.o (__ashldi3)
F:/xpack-riscv-none-elf-gcc-15.2.0-1/bin/../lib/gcc/riscv-none-elf/15.2.0/rv32i/ilp32\libgcc.a(muldi3.o)
                              sp_c32_riscv.o (__mulsi3)
F:/xpack-riscv-none-elf-gcc-15.2.0-1/bin/../lib/gcc/riscv-none-elf/15.2.0/rv32i/ilp32\libgcc.a(div.o)
                              sha3_riscv.o (__udivsi3)
F:/xpack-riscv-none-elf-gcc-15.2.0-1/bin/../lib/gcc/riscv-none-elf/15.2.0/../../../../riscv-none-elf/lib/rv32i/ilp32\libc.a(libc_a-memmove-stub.o)
                              sp_int_riscv.o (memmove)
F:/xpack-riscv-none-elf-gcc-15.2.0-1/bin/../lib/gcc/riscv-none-elf/15.2.0/../../../../riscv-none-elf/lib/rv32i/ilp32\libc.a(libc_a-strlen.o)
                              misc_riscv.o (strlen)

Discarded input sections

 .text          0x00000000        0x0 start.o
 .data          0x00000000        0x0 start.o
 .bss           0x00000000        0x0 start.o
 .text          0x00000000        0x0 rissp_main.o
 .data          0x00000000        0x0 rissp_main.o
 .bss           0x00000000        0x0 rissp_main.o
 .text          0x00000000        0x0 aes_riscv.o
 .data          0x00000000        0x0 aes_riscv.o
 .bss           0x00000000        0x0 aes_riscv.o
 .text.IncrementAesCounter
                0x00000000       0x94 aes_riscv.o
 .text.AesEncrypt_preFetchOpt
                0x00000000       0x44 aes_riscv.o
 .text.wc_AesSetKeyDirect
                0x00000000       0x1c aes_riscv.o
 .text.wc_AesEncryptDirect
                0x00000000       0x38 aes_riscv.o
 .text.wc_AesCbcEncrypt
                0x00000000       0xdc aes_riscv.o
 .text.wc_AesCtrSetKey
                0x00000000       0x1c aes_riscv.o
 .text.wc_AesInit
                0x00000000       0x4c aes_riscv.o
 .text.wc_AesNew
                0x00000000       0x88 aes_riscv.o
 .text.wc_AesFree
                0x00000000       0x14 aes_riscv.o
 .text.wc_AesDelete
                0x00000000       0x58 aes_riscv.o
 .text.wc_AesGetKeySize
                0x00000000       0x50 aes_riscv.o
 .text.wc_AesCtrEncrypt
                0x00000000      0x288 aes_riscv.o
 .text.wc_AesCfbEncrypt
                0x00000000      0x1c8 aes_riscv.o
 .text.wc_AesCfb1Encrypt
                0x00000000      0x164 aes_riscv.o
 .text.wc_AesCfb8Encrypt
                0x00000000       0xe4 aes_riscv.o
 .sbss.always_prefetch
                0x00000000        0x4 aes_riscv.o
 .text          0x00000000        0x0 sha3_riscv.o
 .data          0x00000000        0x0 sha3_riscv.o
 .bss           0x00000000        0x0 sha3_riscv.o
 .text.wc_Sha3GetHash.constprop.0
                0x00000000       0x74 sha3_riscv.o
 .text.wc_Sha3_256_Free
                0x00000000        0x4 sha3_riscv.o
 .text.wc_Sha3_256_GetHash
                0x00000000        0x8 sha3_riscv.o
 .text.wc_Sha3_256_Copy
                0x00000000       0x40 sha3_riscv.o
 .text          0x00000000        0x0 rsa_riscv.o
 .data          0x00000000        0x0 rsa_riscv.o
 .bss           0x00000000        0x0 rsa_riscv.o
 .text.RsaUnPad
                0x00000000      0x1e0 rsa_riscv.o
 .text.wc_NewRsaKey
                0x00000000       0x8c rsa_riscv.o
 .text.wc_FreeRsaKey
                0x00000000       0x50 rsa_riscv.o
 .text.wc_DeleteRsaKey
                0x00000000       0x58 rsa_riscv.o
 .text.wc_RsaPad_ex
                0x00000000       0xdc rsa_riscv.o
 .text.wc_RsaUnPad_ex
                0x00000000       0x14 rsa_riscv.o
 .text.wc_hash2mgf
                0x00000000       0x10 rsa_riscv.o
 .text.RsaPrivateDecryptEx.constprop.0
                0x00000000      0x24c rsa_riscv.o
 .text.wc_RsaSSL_Verify_ex2
                0x00000000       0x20 rsa_riscv.o
 .text.wc_RsaSSL_Verify_ex
                0x00000000        0xc rsa_riscv.o
 .text.wc_RsaSSL_Verify
                0x00000000        0xc rsa_riscv.o
 .text.wc_RsaSSL_VerifyInline
                0x00000000       0x1c rsa_riscv.o
 .text.wc_RsaPublicEncrypt
                0x00000000      0x15c rsa_riscv.o
 .text.wc_RsaFlattenPublicKey
                0x00000000       0xec rsa_riscv.o
 .text.wc_RsaExportKey
                0x00000000      0x148 rsa_riscv.o
 .text          0x00000000        0x0 sp_int_riscv.o
 .data          0x00000000        0x0 sp_int_riscv.o
 .bss           0x00000000        0x0 sp_int_riscv.o
 .text.sp_free  0x00000000        0x4 sp_int_riscv.o
 .text.sp_grow  0x00000000       0x44 sp_int_riscv.o
 .text.sp_zero  0x00000000       0x10 sp_int_riscv.o
 .text.sp_forcezero
                0x00000000       0x44 sp_int_riscv.o
 .text.sp_copy  0x00000000       0x8c sp_int_riscv.o
 .text.sp_is_bit_set
                0x00000000       0x34 sp_int_riscv.o
 .text.sp_leading_bit
                0x00000000       0x44 sp_int_riscv.o
 .text.sp_set_bit
                0x00000000       0x80 sp_int_riscv.o
 .text.sp_set   0x00000000       0x20 sp_int_riscv.o
 .text.sp_sub_d
                0x00000000       0xd0 sp_int_riscv.o
 .text.sp_add   0x00000000      0x15c sp_int_riscv.o
 .text.sp_sub   0x00000000      0x118 sp_int_riscv.o
 .text.sp_rshb  0x00000000       0xfc sp_int_riscv.o
 .text.sp_mul   0x00000000      0x234 sp_int_riscv.o
 .text.sp_sqr   0x00000000       0x10 sp_int_riscv.o
 .text.sp_to_unsigned_bin_len
                0x00000000       0xb4 sp_int_riscv.o
 .text.sp_to_unsigned_bin
                0x00000000       0x3c sp_int_riscv.o
 .text.sp_to_unsigned_bin_len_ct
                0x00000000       0xd8 sp_int_riscv.o
 .text.CheckRunTimeSettings
                0x00000000        0x8 sp_int_riscv.o
 .text.CheckRunTimeFastMath
                0x00000000        0x8 sp_int_riscv.o
 .text          0x00000000        0x0 sp_c32_riscv.o
 .data          0x00000000        0x0 sp_c32_riscv.o
 .bss           0x00000000        0x0 sp_c32_riscv.o
 .text          0x00000000        0x0 misc_riscv.o
 .data          0x00000000        0x0 misc_riscv.o
 .bss           0x00000000        0x0 misc_riscv.o
 .text.rotlFixed
                0x00000000       0x14 misc_riscv.o
 .text.rotrFixed
                0x00000000       0x14 misc_riscv.o
 .text.rotlFixed16
                0x00000000       0x24 misc_riscv.o
 .text.rotrFixed16
                0x00000000       0x24 misc_riscv.o
 .text.readUnalignedWord16
                0x00000000       0x40 misc_riscv.o
 .text.writeUnalignedWord16
                0x00000000       0x3c misc_riscv.o
 .text.readUnalignedWord32
                0x00000000       0x40 misc_riscv.o
 .text.writeUnalignedWord32
                0x00000000       0x3c misc_riscv.o
 .text.readUnalignedWords32
                0x00000000       0x38 misc_riscv.o
 .text.writeUnalignedWords32
                0x00000000       0x38 misc_riscv.o
 .text.readUnalignedWord64
                0x00000000       0x54 misc_riscv.o
 .text.writeUnalignedWord64
                0x00000000       0x48 misc_riscv.o
 .text.readUnalignedWords64
                0x00000000       0x40 misc_riscv.o
 .text.writeUnalignedWords64
                0x00000000       0x40 misc_riscv.o
 .text.rotlFixed64
                0x00000000       0x74 misc_riscv.o
 .text.rotrFixed64
                0x00000000       0x74 misc_riscv.o
 .text.ByteReverseWord64
                0x00000000       0x3c misc_riscv.o
 .text.ByteReverseWords64
                0x00000000       0x70 misc_riscv.o
 .text.XorWordsOut
                0x00000000       0x4c misc_riscv.o
 .text.xorbufout
                0x00000000      0x164 misc_riscv.o
 .text.ConstantCompare
                0x00000000       0x34 misc_riscv.o
 .text.ctMaskGT
                0x00000000       0x18 misc_riscv.o
 .text.ctMaskGTE
                0x00000000       0x14 misc_riscv.o
 .text.ctMaskIntGTE
                0x00000000       0x10 misc_riscv.o
 .text.ctMaskWord32GTE
                0x00000000       0x10 misc_riscv.o
 .text.ctMaskLT
                0x00000000       0x18 misc_riscv.o
 .text.ctMaskLTE
                0x00000000       0x14 misc_riscv.o
 .text.ctMaskEq
                0x00000000       0x30 misc_riscv.o
 .text.ctMask16GT
                0x00000000       0x1c misc_riscv.o
 .text.ctMask16GTE
                0x00000000       0x18 misc_riscv.o
 .text.ctMask16LT
                0x00000000       0x1c misc_riscv.o
 .text.ctMask16LTE
                0x00000000       0x18 misc_riscv.o
 .text.ctMask16Eq
                0x00000000       0x34 misc_riscv.o
 .text.ctMaskNotEq
                0x00000000       0x2c misc_riscv.o
 .text.ctMaskSel
                0x00000000       0x10 misc_riscv.o
 .text.ctMaskSelInt
                0x00000000       0x18 misc_riscv.o
 .text.ctMaskSelWord32
                0x00000000       0x1c misc_riscv.o
 .text.ctSetLTE
                0x00000000       0x10 misc_riscv.o
 .text.ctMaskCopy
                0x00000000       0x34 misc_riscv.o
 .text.min      0x00000000       0x34 misc_riscv.o
 .text.max      0x00000000       0x34 misc_riscv.o
 .text.c32to24  0x00000000       0x18 misc_riscv.o
 .text.c16toa   0x00000000       0x10 misc_riscv.o
 .text.c32toa   0x00000000       0x28 misc_riscv.o
 .text.c24to32  0x00000000       0x24 misc_riscv.o
 .text.ato24    0x00000000        0x8 misc_riscv.o
 .text.ato16    0x00000000       0x24 misc_riscv.o
 .text.ato32    0x00000000       0x2c misc_riscv.o
 .text.ato32le  0x00000000       0x30 misc_riscv.o
 .text.btoi     0x00000000        0x8 misc_riscv.o
 .text.HexCharToByte
                0x00000000       0x54 misc_riscv.o
 .text.ByteToHex
                0x00000000       0x1c misc_riscv.o
 .text.ByteToHexStr
                0x00000000       0x5c misc_riscv.o
 .text.CharIsWhiteSpace
                0x00000000       0x64 misc_riscv.o
 .text.CopyString
                0x00000000       0x80 misc_riscv.o
 .text          0x00000000        0x0 ws_memops.o
 .data          0x00000000        0x0 ws_memops.o
 .bss           0x00000000        0x0 ws_memops.o
 .text          0x00000000        0x0 ws_alloc_riscv.o
 .data          0x00000000        0x0 ws_alloc_riscv.o
 .bss           0x00000000        0x0 ws_alloc_riscv.o
 .text.ws_malloc
                0x00000000       0x38 ws_alloc_riscv.o
 .sbss.heap_off
                0x00000000        0x4 ws_alloc_riscv.o
 .bss.heap_pool
                0x00000000      0x200 ws_alloc_riscv.o
 .text          0x00000000        0x0 wolfmath_riscv.o
 .data          0x00000000        0x0 wolfmath_riscv.o
 .bss           0x00000000        0x0 wolfmath_riscv.o
 .text.mp_reverse
                0x00000000       0x38 wolfmath_riscv.o
 .text.mp_get_digit_count
                0x00000000        0xc wolfmath_riscv.o
 .text.mp_get_digit
                0x00000000       0x30 wolfmath_riscv.o
 .comment       0x00000000       0x34 wolfmath_riscv.o
 .note.GNU-stack
                0x00000000        0x0 wolfmath_riscv.o
 .riscv.attributes
                0x00000000       0x1c wolfmath_riscv.o
 .text          0x00000000        0x0 F:/xpack-riscv-none-elf-gcc-15.2.0-1/bin/../lib/gcc/riscv-none-elf/15.2.0/rv32i/ilp32\libgcc.a(_lshrdi3.o)
 .data          0x00000000        0x0 F:/xpack-riscv-none-elf-gcc-15.2.0-1/bin/../lib/gcc/riscv-none-elf/15.2.0/rv32i/ilp32\libgcc.a(_lshrdi3.o)
 .bss           0x00000000        0x0 F:/xpack-riscv-none-elf-gcc-15.2.0-1/bin/../lib/gcc/riscv-none-elf/15.2.0/rv32i/ilp32\libgcc.a(_lshrdi3.o)
 .text          0x00000000        0x0 F:/xpack-riscv-none-elf-gcc-15.2.0-1/bin/../lib/gcc/riscv-none-elf/15.2.0/rv32i/ilp32\libgcc.a(_ashldi3.o)
 .data          0x00000000        0x0 F:/xpack-riscv-none-elf-gcc-15.2.0-1/bin/../lib/gcc/riscv-none-elf/15.2.0/rv32i/ilp32\libgcc.a(_ashldi3.o)
 .bss           0x00000000        0x0 F:/xpack-riscv-none-elf-gcc-15.2.0-1/bin/../lib/gcc/riscv-none-elf/15.2.0/rv32i/ilp32\libgcc.a(_ashldi3.o)
 .text.__ashldi3
                0x00000000       0x38 F:/xpack-riscv-none-elf-gcc-15.2.0-1/bin/../lib/gcc/riscv-none-elf/15.2.0/rv32i/ilp32\libgcc.a(_ashldi3.o)
 .debug_info    0x00000000      0x1c7 F:/xpack-riscv-none-elf-gcc-15.2.0-1/bin/../lib/gcc/riscv-none-elf/15.2.0/rv32i/ilp32\libgcc.a(_ashldi3.o)
 .debug_abbrev  0x00000000      0x119 F:/xpack-riscv-none-elf-gcc-15.2.0-1/bin/../lib/gcc/riscv-none-elf/15.2.0/rv32i/ilp32\libgcc.a(_ashldi3.o)
 .debug_loclists
                0x00000000       0x9a F:/xpack-riscv-none-elf-gcc-15.2.0-1/bin/../lib/gcc/riscv-none-elf/15.2.0/rv32i/ilp32\libgcc.a(_ashldi3.o)
 .debug_aranges
                0x00000000       0x20 F:/xpack-riscv-none-elf-gcc-15.2.0-1/bin/../lib/gcc/riscv-none-elf/15.2.0/rv32i/ilp32\libgcc.a(_ashldi3.o)
 .debug_rnglists
                0x00000000       0x1f F:/xpack-riscv-none-elf-gcc-15.2.0-1/bin/../lib/gcc/riscv-none-elf/15.2.0/rv32i/ilp32\libgcc.a(_ashldi3.o)
 .debug_line    0x00000000       0xeb F:/xpack-riscv-none-elf-gcc-15.2.0-1/bin/../lib/gcc/riscv-none-elf/15.2.0/rv32i/ilp32\libgcc.a(_ashldi3.o)
 .debug_str     0x00000000      0x20c F:/xpack-riscv-none-elf-gcc-15.2.0-1/bin/../lib/gcc/riscv-none-elf/15.2.0/rv32i/ilp32\libgcc.a(_ashldi3.o)
 .debug_line_str
                0x00000000      0x231 F:/xpack-riscv-none-elf-gcc-15.2.0-1/bin/../lib/gcc/riscv-none-elf/15.2.0/rv32i/ilp32\libgcc.a(_ashldi3.o)
 .comment       0x00000000       0x34 F:/xpack-riscv-none-elf-gcc-15.2.0-1/bin/../lib/gcc/riscv-none-elf/15.2.0/rv32i/ilp32\libgcc.a(_ashldi3.o)
 .note.GNU-stack
                0x00000000        0x0 F:/xpack-riscv-none-elf-gcc-15.2.0-1/bin/../lib/gcc/riscv-none-elf/15.2.0/rv32i/ilp32\libgcc.a(_ashldi3.o)
 .debug_frame   0x00000000       0x20 F:/xpack-riscv-none-elf-gcc-15.2.0-1/bin/../lib/gcc/riscv-none-elf/15.2.0/rv32i/ilp32\libgcc.a(_ashldi3.o)
 .riscv.attributes
                0x00000000       0x1c F:/xpack-riscv-none-elf-gcc-15.2.0-1/bin/../lib/gcc/riscv-none-elf/15.2.0/rv32i/ilp32\libgcc.a(_ashldi3.o)
 .data          0x00000000        0x0 F:/xpack-riscv-none-elf-gcc-15.2.0-1/bin/../lib/gcc/riscv-none-elf/15.2.0/rv32i/ilp32\libgcc.a(muldi3.o)
 .bss           0x00000000        0x0 F:/xpack-riscv-none-elf-gcc-15.2.0-1/bin/../lib/gcc/riscv-none-elf/15.2.0/rv32i/ilp32\libgcc.a(muldi3.o)
 .data          0x00000000        0x0 F:/xpack-riscv-none-elf-gcc-15.2.0-1/bin/../lib/gcc/riscv-none-elf/15.2.0/rv32i/ilp32\libgcc.a(div.o)
 .bss           0x00000000        0x0 F:/xpack-riscv-none-elf-gcc-15.2.0-1/bin/../lib/gcc/riscv-none-elf/15.2.0/rv32i/ilp32\libgcc.a(div.o)
 .text          0x00000000        0x0 F:/xpack-riscv-none-elf-gcc-15.2.0-1/bin/../lib/gcc/riscv-none-elf/15.2.0/../../../../riscv-none-elf/lib/rv32i/ilp32\libc.a(libc_a-memmove-stub.o)
 .data          0x00000000        0x0 F:/xpack-riscv-none-elf-gcc-15.2.0-1/bin/../lib/gcc/riscv-none-elf/15.2.0/../../../../riscv-none-elf/lib/rv32i/ilp32\libc.a(libc_a-memmove-stub.o)
 .bss           0x00000000        0x0 F:/xpack-riscv-none-elf-gcc-15.2.0-1/bin/../lib/gcc/riscv-none-elf/15.2.0/../../../../riscv-none-elf/lib/rv32i/ilp32\libc.a(libc_a-memmove-stub.o)
 .text.memmove  0x00000000      0x128 F:/xpack-riscv-none-elf-gcc-15.2.0-1/bin/../lib/gcc/riscv-none-elf/15.2.0/../../../../riscv-none-elf/lib/rv32i/ilp32\libc.a(libc_a-memmove-stub.o)
 .comment       0x00000000       0x34 F:/xpack-riscv-none-elf-gcc-15.2.0-1/bin/../lib/gcc/riscv-none-elf/15.2.0/../../../../riscv-none-elf/lib/rv32i/ilp32\libc.a(libc_a-memmove-stub.o)
 .note.GNU-stack
                0x00000000        0x0 F:/xpack-riscv-none-elf-gcc-15.2.0-1/bin/../lib/gcc/riscv-none-elf/15.2.0/../../../../riscv-none-elf/lib/rv32i/ilp32\libc.a(libc_a-memmove-stub.o)
 .riscv.attributes
                0x00000000       0x1c F:/xpack-riscv-none-elf-gcc-15.2.0-1/bin/../lib/gcc/riscv-none-elf/15.2.0/../../../../riscv-none-elf/lib/rv32i/ilp32\libc.a(libc_a-memmove-stub.o)
 .text          0x00000000        0x0 F:/xpack-riscv-none-elf-gcc-15.2.0-1/bin/../lib/gcc/riscv-none-elf/15.2.0/../../../../riscv-none-elf/lib/rv32i/ilp32\libc.a(libc_a-strlen.o)
 .data          0x00000000        0x0 F:/xpack-riscv-none-elf-gcc-15.2.0-1/bin/../lib/gcc/riscv-none-elf/15.2.0/../../../../riscv-none-elf/lib/rv32i/ilp32\libc.a(libc_a-strlen.o)
 .bss           0x00000000        0x0 F:/xpack-riscv-none-elf-gcc-15.2.0-1/bin/../lib/gcc/riscv-none-elf/15.2.0/../../../../riscv-none-elf/lib/rv32i/ilp32\libc.a(libc_a-strlen.o)
 .text.strlen   0x00000000       0x8c F:/xpack-riscv-none-elf-gcc-15.2.0-1/bin/../lib/gcc/riscv-none-elf/15.2.0/../../../../riscv-none-elf/lib/rv32i/ilp32\libc.a(libc_a-strlen.o)
 .comment       0x00000000       0x34 F:/xpack-riscv-none-elf-gcc-15.2.0-1/bin/../lib/gcc/riscv-none-elf/15.2.0/../../../../riscv-none-elf/lib/rv32i/ilp32\libc.a(libc_a-strlen.o)
 .note.GNU-stack
                0x00000000        0x0 F:/xpack-riscv-none-elf-gcc-15.2.0-1/bin/../lib/gcc/riscv-none-elf/15.2.0/../../../../riscv-none-elf/lib/rv32i/ilp32\libc.a(libc_a-strlen.o)
 .riscv.attributes
                0x00000000       0x1c F:/xpack-riscv-none-elf-gcc-15.2.0-1/bin/../lib/gcc/riscv-none-elf/15.2.0/../../../../riscv-none-elf/lib/rv32i/ilp32\libc.a(libc_a-strlen.o)

Memory Configuration

Name             Origin             Length             Attributes
*default*        0x00000000         0xffffffff

Linker script and memory map

LOAD start.o
LOAD rissp_main.o
LOAD aes_riscv.o
LOAD sha3_riscv.o
LOAD rsa_riscv.o
LOAD sp_int_riscv.o
LOAD sp_c32_riscv.o
LOAD misc_riscv.o
LOAD ws_memops.o
LOAD ws_alloc_riscv.o
LOAD wolfmath_riscv.o
LOAD F:/xpack-riscv-none-elf-gcc-15.2.0-1/bin/../lib/gcc/riscv-none-elf/15.2.0/rv32i/ilp32\libgcc.a
START GROUP
LOAD F:/xpack-riscv-none-elf-gcc-15.2.0-1/bin/../lib/gcc/riscv-none-elf/15.2.0/../../../../riscv-none-elf/lib/rv32i/ilp32\libc.a
LOAD F:/xpack-riscv-none-elf-gcc-15.2.0-1/bin/../lib/gcc/riscv-none-elf/15.2.0/../../../../riscv-none-elf/lib/rv32i/ilp32\libgloss.a
END GROUP
LOAD F:/xpack-riscv-none-elf-gcc-15.2.0-1/bin/../lib/gcc/riscv-none-elf/15.2.0/rv32i/ilp32\libgcc.a
                0x00000000                        . = 0x0

.text           0x00000000     0x5584
 *(.text.start)
 .text.start    0x00000000        0xc start.o
                0x00000000                _start
 *(.text)
 .text          0x0000000c       0x24 F:/xpack-riscv-none-elf-gcc-15.2.0-1/bin/../lib/gcc/riscv-none-elf/15.2.0/rv32i/ilp32\libgcc.a(muldi3.o)
                0x0000000c                __mulsi3
 .text          0x00000030       0xb4 F:/xpack-riscv-none-elf-gcc-15.2.0-1/bin/../lib/gcc/riscv-none-elf/15.2.0/rv32i/ilp32\libgcc.a(div.o)
                0x00000030                __divsi3
                0x00000038                __udivsi3
                0x00000038                __hidden___udivsi3
                0x00000080                __umodsi3
                0x000000b4                __modsi3
 *(.text.*)
 .text.fold_bytes
                0x000000e4       0x58 rissp_main.o
 .text.read_be32
                0x0000013c       0x3c rissp_main.o
 .text.startup.main
                0x00000178      0x91c rissp_main.o
                0x00000178                main
 .text.col_mul  0x00000a94       0x4c aes_riscv.o
 .text.aes_safe_byte
                0x00000ae0       0x20 aes_riscv.o
 .text.AesEncrypt_C
                0x00000b00      0x768 aes_riscv.o
 .text.wc_AesSetIV
                0x00001268       0x4c aes_riscv.o
                0x00001268                wc_AesSetIV
 .text.wc_AesSetKeyLocal.isra.0
                0x000012b4      0x3e4 aes_riscv.o
 .text.wc_AesSetKey
                0x00001698       0x18 aes_riscv.o
                0x00001698                wc_AesSetKey
 .text.wc_AesEcbEncrypt
                0x000016b0       0xa0 aes_riscv.o
                0x000016b0                wc_AesEcbEncrypt
 .text.wolfssl_init_aes_tables
                0x00001750      0x364 aes_riscv.o
                0x00001750                wolfssl_init_aes_tables
 .text.sha3_safe_set_byte
                0x00001ab4       0x30 sha3_riscv.o
 .text.InitSha3.isra.0
                0x00001ae4       0x4c sha3_riscv.o
 .text.BlockSha3
                0x00001b30     0x1488 sha3_riscv.o
                0x00001b30                BlockSha3
 .text.wc_Sha3Final.constprop.0
                0x00002fb8       0xd0 sha3_riscv.o
 .text.wc_InitSha3_256
                0x00003088       0x2c sha3_riscv.o
                0x00003088                wc_InitSha3_256
 .text.wc_Sha3_256_Update
                0x000030b4      0x170 sha3_riscv.o
                0x000030b4                wc_Sha3_256_Update
 .text.wc_Sha3_256_Final
                0x00003224        0x4 sha3_riscv.o
                0x00003224                wc_Sha3_256_Final
 .text.wolfssl_init_sha3_tables
                0x00003228      0x158 sha3_riscv.o
                0x00003228                wolfssl_init_sha3_tables
 .text.wc_RsaCleanup
                0x00003380       0x80 rsa_riscv.o
 .text.wc_InitRsaKey_ex
                0x00003400       0x7c rsa_riscv.o
                0x00003400                wc_InitRsaKey_ex
 .text.wc_InitRsaKey
                0x0000347c        0x8 rsa_riscv.o
                0x0000347c                wc_InitRsaKey
 .text.RsaFunctionCheckIn
                0x00003484      0x16c rsa_riscv.o
                0x00003484                RsaFunctionCheckIn
 .text.wc_RsaEncryptSize
                0x000035f0       0x10 rsa_riscv.o
                0x000035f0                wc_RsaEncryptSize
 .text.wc_RsaFunction_ex.isra.0
                0x00003600      0x180 rsa_riscv.o
 .text.wc_RsaFunction
                0x00003780        0x8 rsa_riscv.o
                0x00003780                wc_RsaFunction
 .text.sp_init_size
                0x00003788       0x34 sp_int_riscv.o
                0x00003788                sp_init_size
 .text.sp_init  0x000037bc       0x24 sp_int_riscv.o
                0x000037bc                sp_init
 .text.sp_clear
                0x000037e0       0x30 sp_int_riscv.o
                0x000037e0                sp_clear
 .text.sp_cmp   0x00003810       0x70 sp_int_riscv.o
                0x00003810                sp_cmp
 .text.sp_count_bits
                0x00003880       0x70 sp_int_riscv.o
                0x00003880                sp_count_bits
 .text.sp_set_int
                0x000038f0       0x20 sp_int_riscv.o
                0x000038f0                sp_set_int
 .text.sp_cmp_d
                0x00003910       0x40 sp_int_riscv.o
                0x00003910                sp_cmp_d
 .text.sp_add_d
                0x00003950       0xc8 sp_int_riscv.o
                0x00003950                sp_add_d
 .text.sp_unsigned_bin_size
                0x00003a18       0x28 sp_int_riscv.o
                0x00003a18                sp_unsigned_bin_size
 .text.sp_read_unsigned_bin
                0x00003a40      0x138 sp_int_riscv.o
                0x00003a40                sp_read_unsigned_bin
 .text.sp_c32_safe_set_byte
                0x00003b78       0x34 sp_c32_riscv.o
 .text.sp_2048_norm_72
                0x00003bac       0x34 sp_c32_riscv.o
 .text.sp_2048_mul_72
                0x00003be0      0x258 sp_c32_riscv.o
 .text.sp_2048_sqr_72
                0x00003e38      0x308 sp_c32_riscv.o
 .text.sp_2048_mul_d_72
                0x00004140       0xc8 sp_c32_riscv.o
 .text.sp_2048_mul_add_72
                0x00004208       0xf0 sp_c32_riscv.o
 .text.sp_2048_norm_71
                0x000042f8       0x34 sp_c32_riscv.o
 .text.sp_2048_div_word_72
                0x0000432c      0x1e0 sp_c32_riscv.o
 .text.sp_2048_mont_reduce_72
                0x0000450c      0x1c8 sp_c32_riscv.o
 .text.sp_2048_mont_sqr_72
                0x000046d4       0x38 sp_c32_riscv.o
 .text.sp_2048_mont_mul_72
                0x0000470c       0x30 sp_c32_riscv.o
 .text.sp_2048_rshift_72.constprop.0
                0x0000473c       0x50 sp_c32_riscv.o
 .text.sp_2048_mul_d_144.constprop.0
                0x0000478c       0x70 sp_c32_riscv.o
 .text.sp_2048_sub_72.isra.0
                0x000047fc       0x30 sp_c32_riscv.o
 .text.sp_2048_add_72.isra.0
                0x0000482c       0x30 sp_c32_riscv.o
 .text.__muldi3
                0x0000485c      0x128 sp_c32_riscv.o
                0x0000485c                __muldi3
 .text.sp_RsaPublic_2048
                0x00004984      0x784 sp_c32_riscv.o
                0x00004984                sp_RsaPublic_2048
 .text.misc_safe_byte
                0x00005108       0x1c misc_riscv.o
 .text.misc_safe_set_byte
                0x00005124       0x30 misc_riscv.o
 .text.ByteReverseWord32
                0x00005154       0x34 misc_riscv.o
                0x00005154                ByteReverseWord32
 .text.ByteReverseWords
                0x00005188       0x60 misc_riscv.o
                0x00005188                ByteReverseWords
 .text.XorWords
                0x000051e8       0x40 misc_riscv.o
                0x000051e8                XorWords
 .text.xorbuf   0x00005228      0x11c misc_riscv.o
                0x00005228                xorbuf
 .text.ForceZero
                0x00005344       0x98 misc_riscv.o
                0x00005344                ForceZero
 .text.safe_put
                0x000053dc       0x30 ws_memops.o
 .text.memcpy   0x0000540c       0xa0 ws_memops.o
                0x0000540c                memcpy
 .text.memset   0x000054ac       0x9c ws_memops.o
                0x000054ac                memset
 .text.ws_free  0x00005548        0x4 ws_alloc_riscv.o
                0x00005548                ws_free
 .text.__lshrdi3
                0x0000554c       0x38 F:/xpack-riscv-none-elf-gcc-15.2.0-1/bin/../lib/gcc/riscv-none-elf/15.2.0/rv32i/ilp32\libgcc.a(_lshrdi3.o)
                0x0000554c                __lshrdi3
                0x00006000                        . = ALIGN (0x2000)
                0x00006200                        . = (. + 0x200)

.rodata
 *(.rodata)
 *(.rodata.*)

.data
 *(.data)
 *(.data.*)

.bss            0x00006200      0xc30
 *(.bss)
 *(.bss.*)
 .bss.rsa_out.0
                0x00006200      0x100 rissp_main.o
 .bss.digest.1  0x00006300       0x20 rissp_main.o
 .bss.sha3.2    0x00006320      0x198 rissp_main.o
 .bss.ct.3      0x000064b8       0x10 rissp_main.o
 .bss.rkey.4    0x000064c8      0x440 rissp_main.o
 .bss.aes.5     0x00006908      0x120 rissp_main.o
 .bss.pt.6      0x00006a28       0x10 rissp_main.o
 .bss.key.7     0x00006a38       0x10 rissp_main.o
 .bss.RSA_M_BE  0x00006a48      0x100 rissp_main.o
 .bss.RSA_N_BE  0x00006b48      0x100 rissp_main.o
 .bss.Tsbox     0x00006c48      0x100 aes_riscv.o
 .bss.rcon      0x00006d48       0x28 aes_riscv.o
 .bss.hash_keccak_r
                0x00006d70       0xc0 sha3_riscv.o
OUTPUT(rissp_wolfssl.elf elf32-littleriscv)

.riscv.attributes
                0x00000000       0x1c
 .riscv.attributes
                0x00000000       0x1a start.o
 .riscv.attributes
                0x0000001a       0x1c rissp_main.o
 .riscv.attributes
                0x00000036       0x1c aes_riscv.o
 .riscv.attributes
                0x00000052       0x1c sha3_riscv.o
 .riscv.attributes
                0x0000006e       0x1c rsa_riscv.o
 .riscv.attributes
                0x0000008a       0x1c sp_int_riscv.o
 .riscv.attributes
                0x000000a6       0x1c sp_c32_riscv.o
 .riscv.attributes
                0x000000c2       0x1c misc_riscv.o
 .riscv.attributes
                0x000000de       0x1c ws_memops.o
 .riscv.attributes
                0x000000fa       0x1c ws_alloc_riscv.o
 .riscv.attributes
                0x00000116       0x1c F:/xpack-riscv-none-elf-gcc-15.2.0-1/bin/../lib/gcc/riscv-none-elf/15.2.0/rv32i/ilp32\libgcc.a(_lshrdi3.o)
 .riscv.attributes
                0x00000132       0x1a F:/xpack-riscv-none-elf-gcc-15.2.0-1/bin/../lib/gcc/riscv-none-elf/15.2.0/rv32i/ilp32\libgcc.a(muldi3.o)
 .riscv.attributes
                0x0000014c       0x1a F:/xpack-riscv-none-elf-gcc-15.2.0-1/bin/../lib/gcc/riscv-none-elf/15.2.0/rv32i/ilp32\libgcc.a(div.o)

.comment        0x00000000       0x33
 .comment       0x00000000       0x33 rissp_main.o
                                 0x34 (size before relaxing)
 .comment       0x00000033        0x0 aes_riscv.o
                                 0x34 (size before relaxing)
 .comment       0x00000033        0x0 sha3_riscv.o
                                 0x34 (size before relaxing)
 .comment       0x00000033        0x0 rsa_riscv.o
                                 0x34 (size before relaxing)
 .comment       0x00000033        0x0 sp_int_riscv.o
                                 0x34 (size before relaxing)
 .comment       0x00000033        0x0 sp_c32_riscv.o
                                 0x34 (size before relaxing)
 .comment       0x00000033        0x0 misc_riscv.o
                                 0x34 (size before relaxing)
 .comment       0x00000033        0x0 ws_memops.o
                                 0x34 (size before relaxing)
 .comment       0x00000033        0x0 ws_alloc_riscv.o
                                 0x34 (size before relaxing)
 .comment       0x00000033        0x0 F:/xpack-riscv-none-elf-gcc-15.2.0-1/bin/../lib/gcc/riscv-none-elf/15.2.0/rv32i/ilp32\libgcc.a(_lshrdi3.o)
                                 0x34 (size before relaxing)

.note.GNU-stack
                0x00000000        0x0
 .note.GNU-stack
                0x00000000        0x0 rissp_main.o
 .note.GNU-stack
                0x00000000        0x0 aes_riscv.o
 .note.GNU-stack
                0x00000000        0x0 sha3_riscv.o
 .note.GNU-stack
                0x00000000        0x0 rsa_riscv.o
 .note.GNU-stack
                0x00000000        0x0 sp_int_riscv.o
 .note.GNU-stack
                0x00000000        0x0 sp_c32_riscv.o
 .note.GNU-stack
                0x00000000        0x0 misc_riscv.o
 .note.GNU-stack
                0x00000000        0x0 ws_memops.o
 .note.GNU-stack
                0x00000000        0x0 ws_alloc_riscv.o
 .note.GNU-stack
                0x00000000        0x0 F:/xpack-riscv-none-elf-gcc-15.2.0-1/bin/../lib/gcc/riscv-none-elf/15.2.0/rv32i/ilp32\libgcc.a(_lshrdi3.o)

.debug_info     0x00000000      0x257
 .debug_info    0x00000000      0x1c7 F:/xpack-riscv-none-elf-gcc-15.2.0-1/bin/../lib/gcc/riscv-none-elf/15.2.0/rv32i/ilp32\libgcc.a(_lshrdi3.o)
 .debug_info    0x000001c7       0x31 F:/xpack-riscv-none-elf-gcc-15.2.0-1/bin/../lib/gcc/riscv-none-elf/15.2.0/rv32i/ilp32\libgcc.a(muldi3.o)
 .debug_info    0x000001f8       0x5f F:/xpack-riscv-none-elf-gcc-15.2.0-1/bin/../lib/gcc/riscv-none-elf/15.2.0/rv32i/ilp32\libgcc.a(div.o)

.debug_abbrev   0x00000000      0x169
 .debug_abbrev  0x00000000      0x119 F:/xpack-riscv-none-elf-gcc-15.2.0-1/bin/../lib/gcc/riscv-none-elf/15.2.0/rv32i/ilp32\libgcc.a(_lshrdi3.o)
 .debug_abbrev  0x00000119       0x28 F:/xpack-riscv-none-elf-gcc-15.2.0-1/bin/../lib/gcc/riscv-none-elf/15.2.0/rv32i/ilp32\libgcc.a(muldi3.o)
 .debug_abbrev  0x00000141       0x28 F:/xpack-riscv-none-elf-gcc-15.2.0-1/bin/../lib/gcc/riscv-none-elf/15.2.0/rv32i/ilp32\libgcc.a(div.o)

.debug_loclists
                0x00000000       0x9a
 .debug_loclists
                0x00000000       0x9a F:/xpack-riscv-none-elf-gcc-15.2.0-1/bin/../lib/gcc/riscv-none-elf/15.2.0/rv32i/ilp32\libgcc.a(_lshrdi3.o)

.debug_aranges  0x00000000       0x60
 .debug_aranges
                0x00000000       0x20 F:/xpack-riscv-none-elf-gcc-15.2.0-1/bin/../lib/gcc/riscv-none-elf/15.2.0/rv32i/ilp32\libgcc.a(_lshrdi3.o)
 .debug_aranges
                0x00000020       0x20 F:/xpack-riscv-none-elf-gcc-15.2.0-1/bin/../lib/gcc/riscv-none-elf/15.2.0/rv32i/ilp32\libgcc.a(muldi3.o)
 .debug_aranges
                0x00000040       0x20 F:/xpack-riscv-none-elf-gcc-15.2.0-1/bin/../lib/gcc/riscv-none-elf/15.2.0/rv32i/ilp32\libgcc.a(div.o)

.debug_rnglists
                0x00000000       0x1f
 .debug_rnglists
                0x00000000       0x1f F:/xpack-riscv-none-elf-gcc-15.2.0-1/bin/../lib/gcc/riscv-none-elf/15.2.0/rv32i/ilp32\libgcc.a(_lshrdi3.o)

.debug_line     0x00000000      0x2b2
 .debug_line    0x00000000       0xe5 F:/xpack-riscv-none-elf-gcc-15.2.0-1/bin/../lib/gcc/riscv-none-elf/15.2.0/rv32i/ilp32\libgcc.a(_lshrdi3.o)
 .debug_line    0x000000e5       0x7a F:/xpack-riscv-none-elf-gcc-15.2.0-1/bin/../lib/gcc/riscv-none-elf/15.2.0/rv32i/ilp32\libgcc.a(muldi3.o)
 .debug_line    0x0000015f      0x153 F:/xpack-riscv-none-elf-gcc-15.2.0-1/bin/../lib/gcc/riscv-none-elf/15.2.0/rv32i/ilp32\libgcc.a(div.o)

.debug_str      0x00000000      0x42a
 .debug_str     0x00000000      0x42a F:/xpack-riscv-none-elf-gcc-15.2.0-1/bin/../lib/gcc/riscv-none-elf/15.2.0/rv32i/ilp32\libgcc.a(_lshrdi3.o)
                                0x20c (size before relaxing)
 .debug_str     0x0000042a        0x0 F:/xpack-riscv-none-elf-gcc-15.2.0-1/bin/../lib/gcc/riscv-none-elf/15.2.0/rv32i/ilp32\libgcc.a(muldi3.o)
                                0x1a3 (size before relaxing)
 .debug_str     0x0000042a        0x0 F:/xpack-riscv-none-elf-gcc-15.2.0-1/bin/../lib/gcc/riscv-none-elf/15.2.0/rv32i/ilp32\libgcc.a(div.o)
                                0x1d0 (size before relaxing)

.debug_line_str
                0x00000000      0x2de
 .debug_line_str
                0x00000000      0x2de F:/xpack-riscv-none-elf-gcc-15.2.0-1/bin/../lib/gcc/riscv-none-elf/15.2.0/rv32i/ilp32\libgcc.a(_lshrdi3.o)
                                0x231 (size before relaxing)
 .debug_line_str
                0x000002de        0x0 F:/xpack-riscv-none-elf-gcc-15.2.0-1/bin/../lib/gcc/riscv-none-elf/15.2.0/rv32i/ilp32\libgcc.a(muldi3.o)
                                0x18e (size before relaxing)
 .debug_line_str
                0x000002de        0x0 F:/xpack-riscv-none-elf-gcc-15.2.0-1/bin/../lib/gcc/riscv-none-elf/15.2.0/rv32i/ilp32\libgcc.a(div.o)
                                0x18b (size before relaxing)

.debug_frame    0x00000000       0x20
 .debug_frame   0x00000000       0x20 F:/xpack-riscv-none-elf-gcc-15.2.0-1/bin/../lib/gcc/riscv-none-elf/15.2.0/rv32i/ilp32\libgcc.a(_lshrdi3.o)
